F 1 ZTgwZDhlZDM3NDUxN2Uy file1.txt
F 2 Y2ZjOTQ5NGVjMTQ4M2I2 file3.txt
F 3 OGMwODk5YWZhOTllMWVh file2.txt
D 2 ZDUzYWU5MWIyNTAwNjU5 folder2
D 1 NDEzYWJiZjYyZDY3MmI1 folder1
D 0 OTY2NjU5NzE5MjczZGMx demo1.dir
